// Jest Snapshot v1, https://goo.gl/fbAQLP

exports[`Should render NotFound page 1`] = `
<div>
  Error 404 - Not Found
  <[object Object]
    to="/"
  >
    Home Page
  </[object Object]>
</div>
`;
